[themewar.com/html/bittanto/onepage/dark/index.html]
[backblue.gif]
[fade.gif]
[index.html]
[themewar.com/html/bittanto/onepage/dark/assets/css/bootstrap.css]
[themewar.com/html/bittanto/onepage/dark/assets/css/animate.css]
[themewar.com/html/bittanto/onepage/dark/assets/css/stroke-gap-icons.css]
[themewar.com/html/bittanto/onepage/dark/assets/css/icofont.css]
[themewar.com/html/bittanto/onepage/dark/assets/css/flaticon.css]
[themewar.com/html/bittanto/onepage/dark/assets/css/Interest.css]
[themewar.com/html/bittanto/onepage/dark/assets/css/owl.carousel.min.css]
[themewar.com/html/bittanto/onepage/dark/assets/css/owl.theme.default.min.css]
[themewar.com/html/bittanto/onepage/dark/assets/css/lightslider.css]
[themewar.com/html/bittanto/onepage/dark/assets/css/jquery.mCustomScrollbar.css]
[themewar.com/html/bittanto/onepage/dark/assets/css/preset.css]
[themewar.com/html/bittanto/onepage/dark/assets/css/ignore_for_wp.css]
[themewar.com/html/bittanto/onepage/dark/assets/css/theme.css]
[themewar.com/html/bittanto/onepage/dark/assets/css/responsive.css]
[themewar.com/html/bittanto/onepage/dark/assets/css/light.css]
[themewar.com/html/bittanto/onepage/dark/assets/images/favicon.png]
[themewar.com/html/bittanto/onepage/dark/assets/images/home_01/1.jpg]
[themewar.com/html/bittanto/onepage/dark/blog.html]
[themewar.com/html/bittanto/onepage/dark/assets/images/blog/7.jpg]
[themewar.com/html/bittanto/onepage/dark/single_blog.html]
[themewar.com/html/bittanto/onepage/dark/assets/images/blog/8.jpg]
[themewar.com/html/bittanto/onepage/dark/assets/images/blog/9.jpg]
[themewar.com/html/bittanto/onepage/dark/assets/images/home_01/3.png]
[themewar.com/html/bittanto/onepage/dark/assets/images/author/1.jpg]
[themewar.com/html/bittanto/onepage/dark/assets/images/author/2.jpg]
[themewar.com/html/bittanto/onepage/dark/assets/images/author/3.jpg]
[themewar.com/html/bittanto/onepage/dark/contact.html]
[themewar.com/html/bittanto/onepage/dark/assets/images/client/8.png]
[themewar.com/html/bittanto/onepage/dark/assets/images/client/9.png]
[themewar.com/html/bittanto/onepage/dark/assets/images/client/10.png]
[themewar.com/html/bittanto/onepage/dark/assets/images/client/11.png]
[themewar.com/html/bittanto/onepage/dark/assets/images/client/12.png]
[themewar.com/html/bittanto/onepage/dark/assets/images/client/13.png]
[themewar.com/html/bittanto/onepage/dark/assets/images/client/14.png]
[themewar.com/html/bittanto/onepage/dark/assets/images/client/15.png]
[themewar.com/html/bittanto/onepage/dark/single_folio.html]
[themewar.com/html/bittanto/onepage/dark/assets/images/folio/1.jpg]
[themewar.com/html/bittanto/onepage/dark/portfolio.html]
[themewar.com/html/bittanto/onepage/dark/assets/images/folio/2.jpg]
[themewar.com/html/bittanto/onepage/dark/assets/images/folio/3.jpg]
[themewar.com/html/bittanto/onepage/dark/assets/images/folio/4.jpg]
[themewar.com/html/bittanto/onepage/dark/assets/images/folio/5.jpg]
[themewar.com/html/bittanto/onepage/dark/assets/images/folio/6.jpg]
[themewar.com/html/bittanto/onepage/dark/assets/images/blog/1.jpg]
[themewar.com/html/bittanto/onepage/dark/assets/images/blog/2.jpg]
[themewar.com/html/bittanto/onepage/dark/assets/images/blog/3.jpg]
[themewar.com/html/bittanto/onepage/dark/assets/images/blog/4.jpg]
[themewar.com/cdn-cgi/scripts/5c5dd728/cloudflare-static/email-decode.min.js]
[themewar.com/html/bittanto/onepage/dark/assets/js/jquery.js]
[themewar.com/html/bittanto/onepage/dark/assets/js/bootstrap.min.js]
[themewar.com/html/bittanto/onepage/dark/assets/js/jquery.appear.js]
[themewar.com/html/bittanto/onepage/dark/assets/js/owl.carousel.min.js]
[themewar.com/html/bittanto/onepage/dark/assets/js/mixer.js]
[themewar.com/html/bittanto/onepage/dark/assets/js/lightslider.min.js]
[themewar.com/html/bittanto/onepage/dark/assets/js/gmaps.js]
[themewar.com/html/bittanto/onepage/dark/assets/js/anime.min.js]
[themewar.com/html/bittanto/onepage/dark/assets/js/folio.js]
[themewar.com/html/bittanto/onepage/dark/assets/js/jquery.mCustomScrollbar.concat.min.js]
[themewar.com/html/bittanto/onepage/dark/assets/js/jquery.easytabs.min.js]
[themewar.com/html/bittanto/onepage/dark/index.html]
[themewar.com/html/bittanto/onepage/dark/assets/css/bootstrap.css]
[themewar.com/html/bittanto/onepage/dark/assets/css/animate.css]
[themewar.com/html/bittanto/onepage/dark/assets/js/theme.js]
[themewar.com/html/bittanto/onepage/dark/assets/css/stroke-gap-icons.css]
[themewar.com/html/bittanto/onepage/dark/assets/fonts/Stroke-Gap-Icons.eot]
[themewar.com/html/bittanto/onepage/dark/assets/fonts/icofont.woff2]
[themewar.com/html/bittanto/onepage/dark/assets/fonts/icofont.woff]
[themewar.com/html/bittanto/onepage/dark/assets/css/icofont.css]
[themewar.com/html/bittanto/onepage/dark/assets/fonts/Flaticon.eot]
[themewar.com/html/bittanto/onepage/dark/assets/fonts/Flaticond41d.eot]
[themewar.com/html/bittanto/onepage/dark/assets/fonts/Flaticon.woff2]
[themewar.com/html/bittanto/onepage/dark/assets/fonts/Flaticon.woff]
[themewar.com/html/bittanto/onepage/dark/assets/fonts/Flaticon.ttf]
[themewar.com/html/bittanto/onepage/dark/assets/fonts/Flaticon.svg]
[themewar.com/html/bittanto/onepage/dark/assets/css/Flaticon.svg]
[themewar.com/html/bittanto/onepage/dark/assets/css/flaticon.css]
[themewar.com/html/bittanto/onepage/dark/assets/fonts/Interest.eot]
[themewar.com/html/bittanto/onepage/dark/assets/fonts/Interestd41d.eot]
[themewar.com/html/bittanto/onepage/dark/assets/fonts/Interest.woff]
[themewar.com/html/bittanto/onepage/dark/assets/fonts/Interest.ttf]
[themewar.com/html/bittanto/onepage/dark/assets/fonts/Interest.svg]
[themewar.com/html/bittanto/onepage/dark/assets/css/Interest.svg]
[themewar.com/html/bittanto/onepage/dark/assets/css/Interest.css]
[themewar.com/html/bittanto/onepage/dark/assets/css/owl.video.play.png]
[themewar.com/html/bittanto/onepage/dark/assets/css/owl.carousel.min.css]
[themewar.com/html/bittanto/onepage/dark/assets/css/owl.theme.default.min.css]
[themewar.com/html/bittanto/onepage/dark/assets/css/lightslider.css]
[themewar.com/html/bittanto/onepage/dark/assets/css/mCSB_buttons.png]
[themewar.com/html/bittanto/onepage/dark/assets/css/jquery.mCustomScrollbar.css]
[themewar.com/html/bittanto/onepage/dark/assets/images/bg/1.png]
[themewar.com/html/bittanto/onepage/dark/assets/images/bg/2.png]
[themewar.com/html/bittanto/onepage/dark/assets/css/preset.css]
[themewar.com/html/bittanto/onepage/dark/assets/images/bg/6.png]
[themewar.com/html/bittanto/onepage/dark/assets/css/ignore_for_wp.css]
[themewar.com/html/bittanto/onepage/dark/assets/images/bg/3.png]
[themewar.com/html/bittanto/onepage/dark/assets/images/bg/4.png]
[themewar.com/html/bittanto/onepage/dark/assets/images/close.png]
[themewar.com/html/bittanto/onepage/dark/assets/css/theme.css]
[themewar.com/html/bittanto/onepage/dark/assets/css/responsive.css]
[themewar.com/html/bittanto/onepage/dark/assets/images/bg/5.png]
[themewar.com/html/bittanto/onepage/dark/assets/images/bg/7.png]
[themewar.com/html/bittanto/onepage/dark/assets/css/light.css]
[themewar.com/html/bittanto/onepage/dark/blog.html]
[themewar.com/html/bittanto/onepage/dark/assets/images/blog/5.jpg]
[themewar.com/html/bittanto/onepage/dark/assets/images/blog/6.jpg]
[themewar.com/html/bittanto/onepage/dark/assets/images/author/4.jpg]
[themewar.com/html/bittanto/onepage/dark/assets/images/author/5.jpg]
[themewar.com/html/bittanto/onepage/dark/assets/images/author/6.jpg]
[themewar.com/html/bittanto/onepage/dark/single_blog.html]
[themewar.com/html/bittanto/onepage/dark/contact.html]
[themewar.com/html/bittanto/onepage/dark/assets/images/folio/13.jpg]
[themewar.com/html/bittanto/onepage/dark/assets/images/folio/14.jpg]
[themewar.com/html/bittanto/onepage/dark/assets/images/folio/15.jpg]
[themewar.com/html/bittanto/onepage/dark/single_folio.html]
[themewar.com/html/bittanto/onepage/dark/portfolio.html]
[themewar.com/html/bittanto/onepage/dark/assets/fonts/Flaticon.svg]
[themewar.com/html/bittanto/onepage/dark/assets/css/Flaticon.html]
[themewar.com/html/bittanto/onepage/dark/assets/fonts/Interest.svg]
[themewar.com/html/bittanto/onepage/dark/assets/css/Interest.html]
[themewar.com/html/bittanto/onepage/dark/assets/css/mCSB_buttons.html]
